   Γû▓ Next.js 14.1.0
   - Environments: .env.local, .env

   Creating an optimized production build ...
node.exe : (node:25592) ExperimentalWarning: Type Stripping is an experimental feature and might change at any time
At C:\Program Files\nodejs\npx.ps1:29 char:3
+   & $NODE_EXE $NPX_CLI_JS $args
+   ~~~~~~~~~~~~~~~~~~~~~~~~~~~~~
    + CategoryInfo          : NotSpecified: ((node:25592) Ex...nge at any time:String) [], RemoteException
    + FullyQualifiedErrorId : NativeCommandError
 
(Use `node --trace-warnings ...` to show where the warning was created)
 Γ£ô Compiled successfully
   Linting and checking validity of types ...
   Collecting page data ...
   Generating static pages (0/43) ...

   Generating static pages (10/43) 

   Generating static pages (21/43) 

   Generating static pages (32/43) 

 Γ£ô Generating static pages (43/43) 
   Finalizing page optimization ...
   Collecting build traces ...

Route (app)                              Size     First Load JS
Γöî Γùï /                                    364 B          84.9 kB
Γö£ Γùï /_not-found                          0 B                0 B
Γö£ ╬╗ /api/auth/login                      0 B                0 B
Γö£ ╬╗ /api/auth/logout                     0 B                0 B
Γö£ ╬╗ /api/auth/me                         0 B                0 B
Γö£ ╬╗ /api/categories                      0 B                0 B
Γö£ ╬╗ /api/categories/[id]                 0 B                0 B
Γö£ ╬╗ /api/customers                       0 B                0 B
Γö£ ╬╗ /api/customers/[id]                  0 B                0 B
Γö£ ╬╗ /api/fabric-cuts                     0 B                0 B
Γö£ ╬╗ /api/finance                         0 B                0 B
Γö£ ╬╗ /api/inventory                       0 B                0 B
Γö£ ╬╗ /api/orders                          0 B                0 B
Γö£ ╬╗ /api/orders/[id]                     0 B                0 B
Γö£ ╬╗ /api/orders/assign                   0 B                0 B
Γö£ ╬╗ /api/overtime                        0 B                0 B
Γö£ ╬╗ /api/payroll                         0 B                0 B
Γö£ ╬╗ /api/points                          0 B                0 B
Γö£ ╬╗ /api/product-types                   0 B                0 B
Γö£ ╬╗ /api/products                        0 B                0 B
Γö£ ╬╗ /api/products/[id]                   0 B                0 B
Γö£ ╬╗ /api/raw-materials                   0 B                0 B
Γö£ ╬╗ /api/sales-reports                   0 B                0 B
Γö£ ╬╗ /api/stock-movements                 0 B                0 B
Γö£ ╬╗ /api/upload                          0 B                0 B
Γö£ ╬╗ /api/users                           0 B                0 B
Γö£ ╬╗ /api/users/[id]                      0 B                0 B
Γö£ ╬╗ /api/wallet                          0 B                0 B
Γö£ Γùï /dashboard                           7.93 kB         107 kB
Γö£ Γùï /dashboard/categories                4.4 kB          102 kB
Γö£ Γùï /dashboard/customers                 9.38 kB         341 kB
Γö£ Γùï /dashboard/finance                   6.26 kB         338 kB
Γö£ Γùï /dashboard/inventory                 5.91 kB         338 kB
Γö£ Γùï /dashboard/orders                    5.41 kB         337 kB
Γö£ Γùï /dashboard/orders/assign             6.62 kB        98.5 kB
Γö£ Γùï /dashboard/payroll                   5.92 kB         338 kB
Γö£ Γùï /dashboard/products                  11 kB           343 kB
Γö£ Γùï /dashboard/raw-materials             6.69 kB        98.5 kB
Γö£ Γùï /dashboard/reports                   7.38 kB        99.2 kB
Γö£ Γùï /dashboard/sales-reports             6.13 kB          98 kB
Γö£ Γùï /dashboard/staff                     4.49 kB         102 kB
Γö£ ╬╗ /dashboard/staff/[id]/edit           3.14 kB         100 kB
Γö£ Γùï /dashboard/staff/new                 2.83 kB         100 kB
Γö£ Γùï /dashboard/users                     374 B          84.9 kB
Γö£ Γùï /dashboard/wallet                    6.77 kB        98.6 kB
Γö£ Γùï /dashboard/workflow                  4.51 kB        96.4 kB
Γöö Γùï /login                               4.9 kB         96.7 kB
+ First Load JS shared by all            84.5 kB
  Γö£ chunks/69-7795c25d94dbfd02.js        29 kB
  Γö£ chunks/fd9d1056-4834279879d4ce24.js  53.4 kB
  Γöö other shared chunks (total)          2.09 kB


╞Æ Middleware                             50.1 kB

Γùï  (Static)   prerendered as static content
╬╗  (Dynamic)  server-rendered on demand using Node.js

